root@mnc-cdnetwork-klaklik-stg-01:~/SteradianSteradian/kubernetes/nginx# microk8s.kubectl apply -f https://raw.githubusercontent.com/kubernetes/ingress-nginx/controller-v1.1.3/deploy/static/provider/baremetal/deploy.yaml
namespace/ingress-nginx created
serviceaccount/ingress-nginx created
serviceaccount/ingress-nginx-admission created
role.rbac.authorization.k8s.io/ingress-nginx created
role.rbac.authorization.k8s.io/ingress-nginx-admission created
clusterrole.rbac.authorization.k8s.io/ingress-nginx created
clusterrole.rbac.authorization.k8s.io/ingress-nginx-admission created
rolebinding.rbac.authorization.k8s.io/ingress-nginx created
rolebinding.rbac.authorization.k8s.io/ingress-nginx-admission created
clusterrolebinding.rbac.authorization.k8s.io/ingress-nginx created
clusterrolebinding.rbac.authorization.k8s.io/ingress-nginx-admission created
configmap/ingress-nginx-controller created
service/ingress-nginx-controller created
service/ingress-nginx-controller-admission created
deployment.apps/ingress-nginx-controller created
job.batch/ingress-nginx-admission-create created
job.batch/ingress-nginx-admission-patch created
ingressclass.networking.k8s.io/nginx created
validatingwebhookconfiguration.admissionregistration.k8s.io/ingress-nginx-admission created
--------------------------------------------------------------------------------------------------------------------------------------
root@mnc-cdnetwork-klaklik-stg-01:~/SteradianSteradian/kubernetes/nginx# microk8s.kubectl get pods -n ingress-nginx                      
NAME                                        READY   STATUS      RESTARTS   AGE
ingress-nginx-admission-create-qmnst        0/1     Completed   0          3m21s
ingress-nginx-admission-patch-j84h6         0/1     Completed   1          3m21s
ingress-nginx-controller-65c7dccc44-tb97t   1/1     Running     0          3m21s
--------------------------------------------------------------------------------------------------------------------------------------------------------
root@mnc-cdnetwork-klaklik-stg-01:~/SteradianSteradian/kubernetes/nginx# microk8s.kubectl get services -n ingress-nginx
NAME                                 TYPE        CLUSTER-IP       EXTERNAL-IP   PORT(S)                      AGE
ingress-nginx-controller             NodePort    10.152.183.164   <none>        80:32754/TCP,443:31776/TCP   4m9s
ingress-nginx-controller-admission   ClusterIP   10.152.183.58    <none>        443/TCP                      4m9s
--------------------------------------------------------------------------------------------------------------------------------------------------------
root@mnc-cdnetwork-klaklik-stg-01:~/SteradianSteradian/kubernetes/nginx# microk8s.kubectl -n ingress-nginx annotate ingressclasses nginx ingressclass.kubernetes.io/is-default-class="true"
ingressclass.networking.k8s.io/nginx annotated
--------------------------------------------------------------------------------------------------------------------------------------------------------
root@mnc-cdnetwork-klaklik-stg-01:~/SteradianSteradian/kubernetes/nginx# curl localhost:32754
<html>
<head><title>404 Not Found</title></head>
<body>
<center><h1>404 Not Found</h1></center>
<hr><center>nginx</center>
</body>
</html>
--------------------------------------------------------------------------------------------------------------------------------------------------------
root@mnc-cdnetwork-klaklik-stg-01:~/SteradianSteradian/kubernetes/nginx# nano simple-web-server-with-ingress.yaml
--------------------------------------------------------------------------------------------------------------------------------------------------------
root@mnc-cdnetwork-klaklik-stg-01:~/SteradianSteradian/kubernetes/nginx# microk8s.kubectl apply -f simple-web-server-with-ingress.yaml
namespace/web created
deployment.apps/web-server created
service/web-server-service created
ingress.networking.k8s.io/web-server-ingress created
--------------------------------------------------------------------------------------------------------------------------------------------------------
root@mnc-cdnetwork-klaklik-stg-01:~/SteradianSteradian/kubernetes/nginx# microk8s.kubectl get pod -n web
NAME                          READY   STATUS    RESTARTS   AGE
web-server-7d6864d6fd-7664d   1/1     Running   0          46s
--------------------------------------------------------------------------------------------------------------------------------------------------------
root@mnc-cdnetwork-klaklik-stg-01:~/SteradianSteradian/kubernetes/nginx# microk8s.kubectl get all -n web
NAME                              READY   STATUS    RESTARTS   AGE
pod/web-server-7d6864d6fd-7664d   1/1     Running   0          57s

NAME                         TYPE        CLUSTER-IP      EXTERNAL-IP   PORT(S)    AGE
service/web-server-service   ClusterIP   10.152.183.51   <none>        5000/TCP   57s

NAME                         READY   UP-TO-DATE   AVAILABLE   AGE
deployment.apps/web-server   1/1     1            1           57s

NAME                                    DESIRED   CURRENT   READY   AGE
replicaset.apps/web-server-7d6864d6fd   1         1         1       57s
--------------------------------------------------------------------------------------------------------------------------------------------------------
root@mnc-cdnetwork-klaklik-stg-01:~/SteradianSteradian/kubernetes/nginx# curl localhost:32754 -H 'Host: web.example.com'                                <html><body><h1>It works!</h1></body></html>
<html><body><h1>It works!</h1></body></html>
